// Jest Snapshot v1, https://goo.gl/fbAQLP

exports[`NavBar component renders 1`] = `
<orionlabs-navbar>
  #shadow-root(open)
    <header
      class="px-8 py-4 bg-primary-900 text-gray-200"
    >
      <nav
        class="flex items-center gap-8"
      >
        <a
          href="/"
        >
          <div
            class="flex flex-col items-end"
          >
            <div
              class="text-3xl font-bold uppercase hover:text-white"
            >
              Orion
            </div>
            <div
              class="-mr-2 px-2 text-lg text-white font-semibold bg-primary-400 rounded-full"
            >
              labs
            </div>
          </div>
        </a>
        <orionlabs-nav-link>
          #shadow-root(open)
            <a
              class="text-xl hover:text-white"
            >
              About
            </a>
        </orionlabs-nav-link>
      </nav>
    </header>
</orionlabs-navbar>
`;
